Traceback (most recent call last):
  File "/Users/mboosiri/Documents/01 PROJECTS/Ylookup-hackathon/A1/research/baseline/tinker_predict.py", line 60, in <module>
    asyncio.run(main())
    ~~~~~~~~~~~^^^^^^^^
  File "/Users/mboosiri/.local/share/uv/python/cpython-3.13.12-macos-aarch64-none/lib/python3.13/asyncio/runners.py", line 195, in run
    return runner.run(main)
           ~~~~~~~~~~^^^^^^
  File "/Users/mboosiri/.local/share/uv/python/cpython-3.13.12-macos-aarch64-none/lib/python3.13/asyncio/runners.py", line 118, in run
    return self._loop.run_until_complete(task)
           ~~~~~~~~~~~~~~~~~~~~~~~~~~~~~^^^^^^
  File "/Users/mboosiri/.local/share/uv/python/cpython-3.13.12-macos-aarch64-none/lib/python3.13/asyncio/base_events.py", line 725, in run_until_complete
    return future.result()
           ~~~~~~~~~~~~~^^
  File "/Users/mboosiri/Documents/01 PROJECTS/Ylookup-hackathon/A1/research/baseline/tinker_predict.py", line 41, in main
    sampler = tinker.ServiceClient().create_sampling_client(base_model=args.base_model, model_path=args.model_path)
  File "/Users/mboosiri/Documents/01 PROJECTS/Ylookup-hackathon/A1/research/.venv/lib/python3.13/site-packages/tinker/lib/public_interfaces/service_client.py", line 675, in create_sampling_client
    self.holder,
    ^^^^^^^^^^^
  File "/Users/mboosiri/Documents/01 PROJECTS/Ylookup-hackathon/A1/research/.venv/lib/python3.13/site-packages/tinker/lib/public_interfaces/service_client.py", line 115, in holder
    return self._get_session_holder()
           ~~~~~~~~~~~~~~~~~~~~~~~~^^
  File "/Users/mboosiri/Documents/01 PROJECTS/Ylookup-hackathon/A1/research/.venv/lib/python3.13/site-packages/tinker/lib/public_interfaces/service_client.py", line 92, in _get_session_holder
    self._session_holder = InternalClientHolder(
                           ~~~~~~~~~~~~~~~~~~~~^
        user_metadata=self._user_metadata,
        ^^^^^^^^^^^^^^^^^^^^^^^^^^^^^^^^^^
        project_id=self._project_id,
        ^^^^^^^^^^^^^^^^^^^^^^^^^^^^
        **self._holder_kwargs,
        ^^^^^^^^^^^^^^^^^^^^^^
    )
    ^
  File "/Users/mboosiri/Documents/01 PROJECTS/Ylookup-hackathon/A1/research/.venv/lib/python3.13/site-packages/tinker/lib/internal_client_holder.py", line 297, in __init__
    ).result()
      ~~~~~~^^
  File "/Users/mboosiri/Documents/01 PROJECTS/Ylookup-hackathon/A1/research/.venv/lib/python3.13/site-packages/tinker/lib/public_interfaces/api_future.py", line 127, in result
    return self._future.result(timeout)
           ~~~~~~~~~~~~~~~~~~~^^^^^^^^^
  File "/Users/mboosiri/.local/share/uv/python/cpython-3.13.12-macos-aarch64-none/lib/python3.13/concurrent/futures/_base.py", line 456, in result
    return self.__get_result()
           ~~~~~~~~~~~~~~~~~^^
  File "/Users/mboosiri/.local/share/uv/python/cpython-3.13.12-macos-aarch64-none/lib/python3.13/concurrent/futures/_base.py", line 401, in __get_result
    raise self._exception
  File "/Users/mboosiri/Documents/01 PROJECTS/Ylookup-hackathon/A1/research/.venv/lib/python3.13/site-packages/tinker/lib/internal_client_holder.py", line 653, in _create_session
    result = await client.service.create_session(request=request)
             ^^^^^^^^^^^^^^^^^^^^^^^^^^^^^^^^^^^^^^^^^^^^^^^^^^^^
  File "/Users/mboosiri/Documents/01 PROJECTS/Ylookup-hackathon/A1/research/.venv/lib/python3.13/site-packages/tinker/resources/service.py", line 90, in create_session
    return await self._post(
           ^^^^^^^^^^^^^^^^^
    ...<3 lines>...
    )
    ^
  File "/Users/mboosiri/Documents/01 PROJECTS/Ylookup-hackathon/A1/research/.venv/lib/python3.13/site-packages/tinker/_base_client.py", line 1259, in post
    return await self.request(cast_to, opts, stream=stream, stream_cls=stream_cls)
           ^^^^^^^^^^^^^^^^^^^^^^^^^^^^^^^^^^^^^^^^^^^^^^^^^^^^^^^^^^^^^^^^^^^^^^^
  File "/Users/mboosiri/Documents/01 PROJECTS/Ylookup-hackathon/A1/research/.venv/lib/python3.13/site-packages/tinker/_base_client.py", line 1060, in request
    raise self._make_status_error_from_response(err.response) from None
tinker.BadRequestError: Error code: 400 - {'detail': 'This project is read-only and cannot be modified.'}
